
 Start  Stop   Length Name               Class

 00000H 00051H 00052H FIBO_TEXT          CODE
 00052H 00407H 003B6H _TEXT              CODE
 00408H 00442H 0003BH IOERROR_TEXT       CODE
 00443H 00476H 00034H EXIT_TEXT          CODE
 00477H 00477H 00000H STKLEN_TEXT        CODE
 00477H 004A5H 0002FH ATEXIT_TEXT        CODE
 004A6H 007B5H 00310H FMALLOC_TEXT       CODE
 007B6H 00907H 00152H FBRK_TEXT          CODE
 00908H 00927H 00020H SETBLOCK_TEXT      CODE
 00928H 00928H 00000H FILES_TEXT         CODE
 00928H 00928H 00000H FILES2_TEXT        CODE
 00928H 00A74H 0014DH FSEEK_TEXT         CODE
 00A75H 00A8CH 00018H ISATTY_TEXT        CODE
 00A8DH 00BCEH 00142H SETVBUF_TEXT       CODE
 00BCFH 00C08H 0003AH XFFLUSH_TEXT       CODE
 00C09H 00D6EH 00166H WRITE_TEXT         CODE
 00D6FH 00DBAH 0004CH WRITEA_TEXT        CODE
 00DBBH 00DE7H 0002DH LSEEK_TEXT         CODE
 00DE8H 00EE3H 000FCH LTOA_TEXT          CODE
 00EE4H 00FCBH 000E8H FFLUSH_TEXT        CODE
 00FCCH 00FEFH 00024H PRINTF_TEXT        CODE
 00FF0H 012BAH 002CBH PUTC_TEXT          CODE
 012BBH 0180CH 00552H VPRINTER_TEXT      CODE
 0180DH 01B30H 00324H FFREE_TEXT         CODE
 01B32H 01EC5H 00394H _DATA              DATA
 01EC6H 01EC9H 00004H _EMUSEG            DATA
 01ECAH 01ECBH 00002H _CRTSEG            DATA
 01ECCH 01ECFH 00004H _CVTSEG            DATA
 01ED0H 01EDBH 0000CH _SCNSEG            DATA
 01EDCH 01F5BH 00080H _BSS               BSS
 01F5CH 01F5CH 00000H _BSSEND            STACK
 01F60H 02045H 000E6H _STACK             STACK

Program entry point at 0005:0002

